INFO: Loaded graph ./datasets/swdf/swdf_25_pct.nt with size: 76145
--------------- Experimenting: swdf - ./datasets/swdf/benchmark_queries/q1_select.sparql ---------------
INFO: Params: {"k": 17, "step_num": 100000, "param": "./proof/param_17.bin", "paramgen": false, "proofgen": true, "proof": "./proof/swdf/super_proof_q1_select"}
INFO: Param proof ./proof/swdf/super_proof_q1_select...
INFO: Number of query results: 739
INFO: Query execution time: 2.6594858169555664

INFO: param_path: ./proof/param_17.bin, proof_path: ./proof/swdf/super_proof_q1_select
Time to generate vk 3.455990225s
Time to generate pk 11.327443061s
Time to generate proof 94.44947165s
Proof written to: ./proof/swdf/super_proof_q1_select
Time to write proof to file 333.604µs
Time to verify proof 1.037655787s
INFO: perform_zkp execution time: 156.75425481796265

INFO: Proving time: 7.83732533454895
INFO: Param gen time: 0
INFO: Proof gen time: 148.91541051864624
-----------------------------------------------------Done-----------------------------------------------------

--------------- Experimenting: swdf - ./datasets/swdf/benchmark_queries/q2_select.sparql ---------------
INFO: Params: {"k": 17, "step_num": 100000, "param": "./proof/param_17.bin", "paramgen": false, "proofgen": true, "proof": "./proof/swdf/super_proof_q2_select"}
INFO: Param proof ./proof/swdf/super_proof_q2_select...
INFO: Number of query results: 830
INFO: Query execution time: 3.6756277084350586

INFO: param_path: ./proof/param_17.bin, proof_path: ./proof/swdf/super_proof_q2_select
Time to generate vk 4.843220868s
Time to generate pk 12.825420636s
Time to generate proof 97.873056519s
Proof written to: ./proof/swdf/super_proof_q2_select
Time to write proof to file 149.221µs
Time to verify proof 1.246789198s
INFO: perform_zkp execution time: 352.01288747787476

INFO: Proving time: 168.47275829315186
INFO: Param gen time: 0
INFO: Proof gen time: 183.5362470149994
-----------------------------------------------------Done-----------------------------------------------------

--------------- Experimenting: swdf - ./datasets/swdf/benchmark_queries/q3_select.sparql ---------------
INFO: Params: {"k": 17, "step_num": 100000, "param": "./proof/param_17.bin", "paramgen": false, "proofgen": true, "proof": "./proof/swdf/super_proof_q3_select"}
INFO: Param proof ./proof/swdf/super_proof_q3_select...
INFO: Number of query results: 830
INFO: Query execution time: 3.743842601776123

INFO: param_path: ./proof/param_17.bin, proof_path: ./proof/swdf/super_proof_q3_select
Time to generate vk 5.097117653s
Time to generate pk 13.023936977s
Time to generate proof 98.081145768s
Proof written to: ./proof/swdf/super_proof_q3_select
Time to write proof to file 155.671µs
Time to verify proof 1.03951752s
INFO: perform_zkp execution time: 354.05191135406494

INFO: Proving time: 170.0483124256134
INFO: Param gen time: 0
INFO: Proof gen time: 183.9982464313507
-----------------------------------------------------Done-----------------------------------------------------

--------------- Experimenting: swdf - ./datasets/swdf/benchmark_queries/q4_ask.sparql ---------------
INFO: Params: {"k": 17, "step_num": 100000, "param": "./proof/param_17.bin", "paramgen": false, "proofgen": true, "proof": "./proof/swdf/super_proof_q4_ask"}
INFO: Param proof ./proof/swdf/super_proof_q4_ask...
INFO: Number of query results: 1
INFO: Query execution time: 0.7642178535461426

INFO: param_path: ./proof/param_17.bin, proof_path: ./proof/swdf/super_proof_q4_ask
Time to generate vk 3.932633913s
Time to generate pk 11.918040971s
Time to generate proof 95.064040661s
Proof written to: ./proof/swdf/super_proof_q4_ask
Time to write proof to file 140.371µs
Time to verify proof 1.035497026s
INFO: perform_zkp execution time: 153.93715858459473

INFO: Proving time: 6.4829864501953125
INFO: Param gen time: 0
INFO: Proof gen time: 147.45318293571472
-----------------------------------------------------Done-----------------------------------------------------

--------------- Experimenting: swdf - ./datasets/swdf/benchmark_queries/q5_select.sparql ---------------
INFO: Params: {"k": 17, "step_num": 100000, "param": "./proof/param_17.bin", "paramgen": false, "proofgen": true, "proof": "./proof/swdf/super_proof_q5_select"}
INFO: Param proof ./proof/swdf/super_proof_q5_select...
INFO: Number of query results: 324
INFO: Query execution time: 4.141250848770142

INFO: param_path: ./proof/param_17.bin, proof_path: ./proof/swdf/super_proof_q5_select
Time to generate vk 6.176411169s
Time to generate pk 14.019804023s
Time to generate proof 98.451845108s
Proof written to: ./proof/swdf/super_proof_q5_select
Time to write proof to file 142.994µs
Time to verify proof 1.042042193s
INFO: perform_zkp execution time: 215.60446953773499

INFO: Proving time: 49.94505548477173
INFO: Param gen time: 0
INFO: Proof gen time: 165.65748834609985
-----------------------------------------------------Done-----------------------------------------------------

INFO: Loaded graph ./datasets/drugbank/drugbank_25_pct.nt with size: 151736
--------------- Experimenting: drugbank - ./datasets/drugbank/benchmark_queries/q1_select.sparql ---------------
INFO: Params: {"k": 18, "step_num": 150000, "param": "./proof/param_18.bin", "paramgen": false, "proofgen": true, "proof": "./proof/drugbank/super_proof_q1_select"}
INFO: Param proof ./proof/drugbank/super_proof_q1_select...
INFO: Number of query results: 7609
INFO: Query execution time: 3.846564292907715

INFO: param_path: ./proof/param_18.bin, proof_path: ./proof/drugbank/super_proof_q1_select
Time to generate vk 5.960098581s
Time to generate pk 22.238806323s
Time to generate proof 185.396131775s
Proof written to: ./proof/drugbank/super_proof_q1_select
Time to write proof to file 142.997µs
Time to verify proof 1.872029664s
INFO: perform_zkp execution time: 360.24355363845825

INFO: Proving time: 41.203964710235596
INFO: Param gen time: 0
INFO: Proof gen time: 319.0351138114929
-----------------------------------------------------Done-----------------------------------------------------

--------------- Experimenting: drugbank - ./datasets/drugbank/benchmark_queries/q2_select.sparql ---------------
INFO: Params: {"k": 18, "step_num": 150000, "param": "./proof/param_18.bin", "paramgen": false, "proofgen": true, "proof": "./proof/drugbank/super_proof_q2_select"}
INFO: Param proof ./proof/drugbank/super_proof_q2_select...
INFO: Number of query results: 989
INFO: Query execution time: 9.681419610977173

INFO: param_path: ./proof/param_18.bin, proof_path: ./proof/drugbank/super_proof_q2_select
Time to generate vk 7.908875056s
Time to generate pk 24.123415738s
Time to generate proof 187.142101692s
Proof written to: ./proof/drugbank/super_proof_q2_select
Time to write proof to file 152.514µs
Time to verify proof 1.887496309s
INFO: perform_zkp execution time: 1052.7357110977173

INFO: Proving time: 678.8224062919617
INFO: Param gen time: 0
INFO: Proof gen time: 373.90242290496826
-----------------------------------------------------Done-----------------------------------------------------

--------------- Experimenting: drugbank - ./datasets/drugbank/benchmark_queries/q3_select.sparql ---------------
INFO: Params: {"k": 18, "step_num": 150000, "param": "./proof/param_18.bin", "paramgen": false, "proofgen": true, "proof": "./proof/drugbank/super_proof_q3_select"}
INFO: Param proof ./proof/drugbank/super_proof_q3_select...
INFO: Number of query results: 989
INFO: Query execution time: 9.724179983139038

INFO: param_path: ./proof/param_18.bin, proof_path: ./proof/drugbank/super_proof_q3_select
Time to generate vk 8.492792306s
Time to generate pk 24.627090842s
Time to generate proof 187.814466216s
Proof written to: ./proof/drugbank/super_proof_q3_select
Time to write proof to file 155.315µs
Time to verify proof 1.879810977s
INFO: perform_zkp execution time: 1057.0455241203308

INFO: Proving time: 681.344865322113
INFO: Param gen time: 0
INFO: Proof gen time: 375.6915476322174
-----------------------------------------------------Done-----------------------------------------------------

--------------- Experimenting: drugbank - ./datasets/drugbank/benchmark_queries/q4_ask.sparql ---------------
INFO: Params: {"k": 18, "step_num": 150000, "param": "./proof/param_18.bin", "paramgen": false, "proofgen": true, "proof": "./proof/drugbank/super_proof_q4_ask"}
INFO: Param proof ./proof/drugbank/super_proof_q4_ask...
INFO: Number of query results: 1
INFO: Query execution time: 5.4880311489105225

INFO: param_path: ./proof/param_18.bin, proof_path: ./proof/drugbank/super_proof_q4_ask
Time to generate vk 6.506388604s
Time to generate pk 22.757129515s
Time to generate proof 184.275021143s
Proof written to: ./proof/drugbank/super_proof_q4_ask
Time to write proof to file 149.067µs
Time to verify proof 1.865084334s
INFO: perform_zkp execution time: 298.1127634048462

INFO: Proving time: 11.61738657951355
INFO: Param gen time: 0
INFO: Proof gen time: 286.49307894706726
-----------------------------------------------------Done-----------------------------------------------------

--------------- Experimenting: drugbank - ./datasets/drugbank/benchmark_queries/q5_select.sparql ---------------
INFO: Params: {"k": 18, "step_num": 150000, "param": "./proof/param_18.bin", "paramgen": false, "proofgen": true, "proof": "./proof/drugbank/super_proof_q5_select"}
INFO: Param proof ./proof/drugbank/super_proof_q5_select...
INFO: Number of query results: 187
INFO: Query execution time: 1541.1229779720306

INFO: param_path: ./proof/param_18.bin, proof_path: ./proof/drugbank/super_proof_q5_select
Time to generate vk 10.162198512s
Time to generate pk 26.299989974s
Time to generate proof 188.714848159s
Proof written to: ./proof/drugbank/super_proof_q5_select
Time to write proof to file 147.666µs
Time to verify proof 1.89510749s
INFO: perform_zkp execution time: 371.77017521858215

INFO: Proving time: 65.29677629470825
INFO: Param gen time: 0
INFO: Proof gen time: 306.47069239616394
-----------------------------------------------------Done-----------------------------------------------------

INFO: Loaded graph ./datasets/bsbm/bsbm_25_pct.nt with size: 87048
--------------- Experimenting: bsbm - ./datasets/bsbm/benchmark_queries/q1_select.sparql ---------------
INFO: Params: {"k": 17, "step_num": 100000, "param": "./proof/param_17.bin", "paramgen": false, "proofgen": true, "proof": "./proof/bsbm/super_proof_q1_select"}
INFO: Param proof ./proof/bsbm/super_proof_q1_select...
INFO: Number of query results: 0
INFO: Query execution time: 0.20140480995178223

INFO: param_path: ./proof/param_17.bin, proof_path: ./proof/bsbm/super_proof_q1_select
Time to generate vk 3.291968863s
Time to generate pk 11.201140861s
Time to generate proof 94.324580728s
Proof written to: ./proof/bsbm/super_proof_q1_select
Time to write proof to file 409.963µs
Time to verify proof 1.25480335s
INFO: perform_zkp execution time: 149.33911967277527

INFO: Proving time: 3.8043007850646973
INFO: Param gen time: 0
INFO: Proof gen time: 145.53235530853271
-----------------------------------------------------Done-----------------------------------------------------

--------------- Experimenting: bsbm - ./datasets/bsbm/benchmark_queries/q2_select.sparql ---------------
INFO: Params: {"k": 17, "step_num": 100000, "param": "./proof/param_17.bin", "paramgen": false, "proofgen": true, "proof": "./proof/bsbm/super_proof_q2_select"}
INFO: Param proof ./proof/bsbm/super_proof_q2_select...
INFO: Number of query results: 54
INFO: Query execution time: 0.6411240100860596

INFO: param_path: ./proof/param_17.bin, proof_path: ./proof/bsbm/super_proof_q2_select
Time to generate vk 4.785036047s
Time to generate pk 12.838713822s
Time to generate proof 96.078989893s
Proof written to: ./proof/bsbm/super_proof_q2_select
Time to write proof to file 152.046µs
Time to verify proof 1.199132628s
INFO: perform_zkp execution time: 170.17168641090393

INFO: Proving time: 18.41555690765381
INFO: Param gen time: 0
INFO: Proof gen time: 151.75467777252197
-----------------------------------------------------Done-----------------------------------------------------

--------------- Experimenting: bsbm - ./datasets/bsbm/benchmark_queries/q3_select.sparql ---------------
INFO: Params: {"k": 17, "step_num": 100000, "param": "./proof/param_17.bin", "paramgen": false, "proofgen": true, "proof": "./proof/bsbm/super_proof_q3_select"}
INFO: Param proof ./proof/bsbm/super_proof_q3_select...
INFO: Number of query results: 54
INFO: Query execution time: 0.6434781551361084

INFO: param_path: ./proof/param_17.bin, proof_path: ./proof/bsbm/super_proof_q3_select
Time to generate vk 5.019880576s
Time to generate pk 13.032399083s
Time to generate proof 96.347761046s
Proof written to: ./proof/bsbm/super_proof_q3_select
Time to write proof to file 147.569µs
Time to verify proof 1.031389034s
INFO: perform_zkp execution time: 172.0381133556366

INFO: Proving time: 19.75939631462097
INFO: Param gen time: 0
INFO: Proof gen time: 152.27719950675964
-----------------------------------------------------Done-----------------------------------------------------

--------------- Experimenting: bsbm - ./datasets/bsbm/benchmark_queries/q4_ask.sparql ---------------
INFO: Params: {"k": 17, "step_num": 100000, "param": "./proof/param_17.bin", "paramgen": false, "proofgen": true, "proof": "./proof/bsbm/super_proof_q4_ask"}
INFO: Param proof ./proof/bsbm/super_proof_q4_ask...
INFO: Number of query results: 1
INFO: Query execution time: 0.37428998947143555

INFO: param_path: ./proof/param_17.bin, proof_path: ./proof/bsbm/super_proof_q4_ask
Time to generate vk 3.537896458s
Time to generate pk 11.564424851s
Time to generate proof 94.982211021s
Proof written to: ./proof/bsbm/super_proof_q4_ask
Time to write proof to file 165.085µs
Time to verify proof 1.033813107s
INFO: perform_zkp execution time: 151.70373463630676

INFO: Proving time: 5.148403644561768
INFO: Param gen time: 0
INFO: Proof gen time: 146.55363249778748
-----------------------------------------------------Done-----------------------------------------------------

--------------- Experimenting: bsbm - ./datasets/bsbm/benchmark_queries/q5_select.sparql ---------------
INFO: Params: {"k": 17, "step_num": 100000, "param": "./proof/param_17.bin", "paramgen": false, "proofgen": true, "proof": "./proof/bsbm/super_proof_q5_select"}
INFO: Param proof ./proof/bsbm/super_proof_q5_select...
INFO: Number of query results: 4
INFO: Query execution time: 1.2353646755218506

INFO: param_path: ./proof/param_17.bin, proof_path: ./proof/bsbm/super_proof_q5_select
Time to generate vk 6.321574138s
Time to generate pk 14.674495948s
Time to generate proof 97.801945277s
Proof written to: ./proof/bsbm/super_proof_q5_select
Time to write proof to file 147.762µs
Time to verify proof 1.044120138s
INFO: perform_zkp execution time: 174.74060344696045

INFO: Proving time: 18.959689617156982
INFO: Param gen time: 0
INFO: Proof gen time: 155.77889561653137
-----------------------------------------------------Done-----------------------------------------------------

INFO: Loaded graph ./datasets/swdf/swdf_50_pct.nt with size: 152291
--------------- Experimenting: swdf - ./datasets/swdf/benchmark_queries/q1_select.sparql ---------------
INFO: Params: {"k": 18, "step_num": 150000, "param": "./proof/param_18.bin", "paramgen": false, "proofgen": true, "proof": "./proof/swdf/super_proof_q1_select"}
INFO: Param proof ./proof/swdf/super_proof_q1_select...
INFO: Number of query results: 2918
INFO: Query execution time: 3.2358782291412354

INFO: param_path: ./proof/param_18.bin, proof_path: ./proof/swdf/super_proof_q1_select
Time to generate vk 5.89245106s
Time to generate pk 22.58409749s
Time to generate proof 183.388360736s
Proof written to: ./proof/swdf/super_proof_q1_select
Time to write proof to file 128.824µs
Time to verify proof 1.905491288s
INFO: perform_zkp execution time: 316.80937361717224

INFO: Proving time: 19.679941177368164
INFO: Param gen time: 0
INFO: Proof gen time: 297.12321877479553
-----------------------------------------------------Done-----------------------------------------------------

--------------- Experimenting: swdf - ./datasets/swdf/benchmark_queries/q2_select.sparql ---------------
INFO: Params: {"k": 18, "step_num": 150000, "param": "./proof/param_18.bin", "paramgen": false, "proofgen": true, "proof": "./proof/swdf/super_proof_q2_select"}
INFO: Param proof ./proof/swdf/super_proof_q2_select...
INFO: Number of query results: 2788
INFO: Query execution time: 10.630929946899414

INFO: param_path: ./proof/param_18.bin, proof_path: ./proof/swdf/super_proof_q2_select
Time to generate vk 7.976929285s
Time to generate pk 23.682522956s
Time to generate proof 189.024850486s
Proof written to: ./proof/swdf/super_proof_q2_select
Time to write proof to file 143.014µs
Time to verify proof 1.876452437s
INFO: perform_zkp execution time: 1136.8311443328857

INFO: Proving time: 738.6567027568817
INFO: Param gen time: 0
INFO: Proof gen time: 398.1568012237549
-----------------------------------------------------Done-----------------------------------------------------

--------------- Experimenting: swdf - ./datasets/swdf/benchmark_queries/q3_select.sparql ---------------
INFO: Params: {"k": 18, "step_num": 150000, "param": "./proof/param_18.bin", "paramgen": false, "proofgen": true, "proof": "./proof/swdf/super_proof_q3_select"}
INFO: Param proof ./proof/swdf/super_proof_q3_select...
INFO: Number of query results: 1000
INFO: Query execution time: 10.557178020477295

INFO: param_path: ./proof/param_18.bin, proof_path: ./proof/swdf/super_proof_q3_select
Time to generate vk 8.414206602s
Time to generate pk 24.591425642s
Time to generate proof 189.483358569s
Proof written to: ./proof/swdf/super_proof_q3_select
Time to write proof to file 156.364µs
Time to verify proof 1.868493391s
INFO: perform_zkp execution time: 1140.6030213832855

INFO: Proving time: 740.6367149353027
INFO: Param gen time: 0
INFO: Proof gen time: 399.9438066482544
-----------------------------------------------------Done-----------------------------------------------------

--------------- Experimenting: swdf - ./datasets/swdf/benchmark_queries/q4_ask.sparql ---------------
INFO: Params: {"k": 18, "step_num": 150000, "param": "./proof/param_18.bin", "paramgen": false, "proofgen": true, "proof": "./proof/swdf/super_proof_q4_ask"}
INFO: Param proof ./proof/swdf/super_proof_q4_ask...
INFO: Number of query results: 1
INFO: Query execution time: 1.3880479335784912

INFO: param_path: ./proof/param_18.bin, proof_path: ./proof/swdf/super_proof_q4_ask
Time to generate vk 6.584931821s
Time to generate pk 23.054628619s
Time to generate proof 183.897780584s
Proof written to: ./proof/swdf/super_proof_q4_ask
Time to write proof to file 144.205µs
Time to verify proof 2.179745531s
INFO: perform_zkp execution time: 297.09845495224

INFO: Proving time: 10.430081367492676
INFO: Param gen time: 0
INFO: Proof gen time: 286.6669867038727
-----------------------------------------------------Done-----------------------------------------------------

--------------- Experimenting: swdf - ./datasets/swdf/benchmark_queries/q5_select.sparql ---------------
INFO: Params: {"k": 18, "step_num": 150000, "param": "./proof/param_18.bin", "paramgen": false, "proofgen": true, "proof": "./proof/swdf/super_proof_q5_select"}
INFO: Param proof ./proof/swdf/super_proof_q5_select...
INFO: Number of query results: 1000
INFO: Query execution time: 50.776397705078125

INFO: param_path: ./proof/param_18.bin, proof_path: ./proof/swdf/super_proof_q5_select
Time to generate vk 10.288649916s
Time to generate pk 26.263970025s
Time to generate proof 190.951209627s
Proof written to: ./proof/swdf/super_proof_q5_select
Time to write proof to file 152.718µs
Time to verify proof 1.878888159s
INFO: perform_zkp execution time: 505.00825238227844

INFO: Proving time: 166.50489926338196
INFO: Param gen time: 0
INFO: Proof gen time: 338.4882011413574
-----------------------------------------------------Done-----------------------------------------------------

INFO: Loaded graph ./datasets/drugbank/drugbank_50_pct.nt with size: 280322
--------------- Experimenting: drugbank - ./datasets/drugbank/benchmark_queries/q1_select.sparql ---------------
INFO: Params: {"k": 19, "step_num": 250000, "param": "./proof/param_19.bin", "paramgen": false, "proofgen": true, "proof": "./proof/drugbank/super_proof_q1_select"}
INFO: Param proof ./proof/drugbank/super_proof_q1_select...
INFO: Number of query results: 12579
INFO: Query execution time: 6.301114320755005

INFO: param_path: ./proof/param_19.bin, proof_path: ./proof/drugbank/super_proof_q1_select
Time to generate vk 10.845410986s
Time to generate pk 44.323199881s
Time to generate proof 359.878474039s
Proof written to: ./proof/drugbank/super_proof_q1_select
Time to write proof to file 136.902µs
Time to verify proof 3.405592538s
INFO: perform_zkp execution time: 681.8430714607239

INFO: Proving time: 67.59681677818298
INFO: Param gen time: 0
INFO: Proof gen time: 614.2311701774597
-----------------------------------------------------Done-----------------------------------------------------

--------------- Experimenting: drugbank - ./datasets/drugbank/benchmark_queries/q2_select.sparql ---------------
INFO: Params: {"k": 19, "step_num": 250000, "param": "./proof/param_19.bin", "paramgen": false, "proofgen": true, "proof": "./proof/drugbank/super_proof_q2_select"}
INFO: Param proof ./proof/drugbank/super_proof_q2_select...
INFO: Number of query results: 1953
INFO: Query execution time: 14.433128118515015

INFO: param_path: ./proof/param_19.bin, proof_path: ./proof/drugbank/super_proof_q2_select
Time to generate vk 13.881768526s
Time to generate pk 47.574762223s
Time to generate proof 365.551690027s
Proof written to: ./proof/drugbank/super_proof_q2_select
Time to write proof to file 166.588µs
Time to verify proof 3.395366444s
INFO: perform_zkp execution time: 1828.7531204223633

INFO: Proving time: 1137.9836580753326
INFO: Param gen time: 0
INFO: Proof gen time: 690.73455119133
-----------------------------------------------------Done-----------------------------------------------------

--------------- Experimenting: drugbank - ./datasets/drugbank/benchmark_queries/q3_select.sparql ---------------
INFO: Params: {"k": 19, "step_num": 250000, "param": "./proof/param_19.bin", "paramgen": false, "proofgen": true, "proof": "./proof/drugbank/super_proof_q3_select"}
INFO: Param proof ./proof/drugbank/super_proof_q3_select...
INFO: Number of query results: 1000
INFO: Query execution time: 14.417503118515015

INFO: param_path: ./proof/param_19.bin, proof_path: ./proof/drugbank/super_proof_q3_select
Time to generate vk 14.852462649s
Time to generate pk 47.173868861s
Time to generate proof 367.586600936s
Proof written to: ./proof/drugbank/super_proof_q3_select
Time to write proof to file 131.294µs
Time to verify proof 3.434780373s
INFO: perform_zkp execution time: 1835.912101984024

INFO: Proving time: 1142.2356514930725
INFO: Param gen time: 0
INFO: Proof gen time: 693.6586627960205
-----------------------------------------------------Done-----------------------------------------------------

--------------- Experimenting: drugbank - ./datasets/drugbank/benchmark_queries/q4_ask.sparql ---------------
INFO: Params: {"k": 19, "step_num": 250000, "param": "./proof/param_19.bin", "paramgen": false, "proofgen": true, "proof": "./proof/drugbank/super_proof_q4_ask"}
INFO: Param proof ./proof/drugbank/super_proof_q4_ask...
INFO: Number of query results: 1
INFO: Query execution time: 8.964973449707031

INFO: param_path: ./proof/param_19.bin, proof_path: ./proof/drugbank/super_proof_q4_ask
Time to generate vk 11.69530557s
Time to generate pk 44.944655915s
Time to generate proof 358.979161146s
Proof written to: ./proof/drugbank/super_proof_q4_ask
Time to write proof to file 153.864µs
Time to verify proof 3.48383263s
INFO: perform_zkp execution time: 579.0594208240509

INFO: Proving time: 18.051790952682495
INFO: Param gen time: 0
INFO: Proof gen time: 561.0032458305359
-----------------------------------------------------Done-----------------------------------------------------

--------------- Experimenting: drugbank - ./datasets/drugbank/benchmark_queries/q5_select.sparql ---------------
INFO: Params: {"k": 19, "step_num": 250000, "param": "./proof/param_19.bin", "paramgen": false, "proofgen": true, "proof": "./proof/drugbank/super_proof_q5_select"}
INFO: Param proof ./proof/drugbank/super_proof_q5_select...
INFO: Number of query results: 276
INFO: Query execution time: 3698.9435806274414

INFO: param_path: ./proof/param_19.bin, proof_path: ./proof/drugbank/super_proof_q5_select
Time to generate vk 17.836759944s
Time to generate pk 51.238129783s
Time to generate proof 369.590864245s
Proof written to: ./proof/drugbank/super_proof_q5_select
Time to write proof to file 185.837µs
Time to verify proof 3.479164999s
INFO: perform_zkp execution time: 703.5062282085419

INFO: Proving time: 106.78979182243347
INFO: Param gen time: 0
INFO: Proof gen time: 596.71204662323
-----------------------------------------------------Done-----------------------------------------------------

INFO: Loaded graph ./datasets/bsbm/bsbm_50_pct.nt with size: 174016
--------------- Experimenting: bsbm - ./datasets/bsbm/benchmark_queries/q1_select.sparql ---------------
INFO: Params: {"k": 18, "step_num": 150000, "param": "./proof/param_18.bin", "paramgen": false, "proofgen": true, "proof": "./proof/bsbm/super_proof_q1_select"}
INFO: Param proof ./proof/bsbm/super_proof_q1_select...
INFO: Number of query results: 0
INFO: Query execution time: 0.20173931121826172

INFO: param_path: ./proof/param_18.bin, proof_path: ./proof/bsbm/super_proof_q1_select
Time to generate vk 5.718306325s
Time to generate pk 21.983404865s
Time to generate proof 182.616694061s
Proof written to: ./proof/bsbm/super_proof_q1_select
Time to write proof to file 131.592µs
Time to verify proof 1.891307431s
INFO: perform_zkp execution time: 288.71383333206177

INFO: Proving time: 5.65403938293457
INFO: Param gen time: 0
INFO: Proof gen time: 283.05829548835754
-----------------------------------------------------Done-----------------------------------------------------

--------------- Experimenting: bsbm - ./datasets/bsbm/benchmark_queries/q2_select.sparql ---------------
INFO: Params: {"k": 18, "step_num": 150000, "param": "./proof/param_18.bin", "paramgen": false, "proofgen": true, "proof": "./proof/bsbm/super_proof_q2_select"}
INFO: Param proof ./proof/bsbm/super_proof_q2_select...
INFO: Number of query results: 198
INFO: Query execution time: 1.2109205722808838

INFO: param_path: ./proof/param_18.bin, proof_path: ./proof/bsbm/super_proof_q2_select
Time to generate vk 7.895777359s
Time to generate pk 24.2177779s
Time to generate proof 185.388914077s
Proof written to: ./proof/bsbm/super_proof_q2_select
Time to write proof to file 173.607µs
Time to verify proof 1.875162967s
INFO: perform_zkp execution time: 343.0692014694214

INFO: Proving time: 47.80445718765259
INFO: Param gen time: 0
INFO: Proof gen time: 295.2586679458618
-----------------------------------------------------Done-----------------------------------------------------

--------------- Experimenting: bsbm - ./datasets/bsbm/benchmark_queries/q3_select.sparql ---------------
INFO: Params: {"k": 18, "step_num": 150000, "param": "./proof/param_18.bin", "paramgen": false, "proofgen": true, "proof": "./proof/bsbm/super_proof_q3_select"}
INFO: Param proof ./proof/bsbm/super_proof_q3_select...
INFO: Number of query results: 198
INFO: Query execution time: 1.2782926559448242

INFO: param_path: ./proof/param_18.bin, proof_path: ./proof/bsbm/super_proof_q3_select
Time to generate vk 8.452963533s
Time to generate pk 24.863811094s
Time to generate proof 185.927690313s
Proof written to: ./proof/bsbm/super_proof_q3_select
Time to write proof to file 127.322µs
Time to verify proof 1.878841173s
INFO: perform_zkp execution time: 346.95345401763916

INFO: Proving time: 49.926077365875244
INFO: Param gen time: 0
INFO: Proof gen time: 297.02396035194397
-----------------------------------------------------Done-----------------------------------------------------

--------------- Experimenting: bsbm - ./datasets/bsbm/benchmark_queries/q4_ask.sparql ---------------
INFO: Params: {"k": 18, "step_num": 150000, "param": "./proof/param_18.bin", "paramgen": false, "proofgen": true, "proof": "./proof/bsbm/super_proof_q4_ask"}
INFO: Param proof ./proof/bsbm/super_proof_q4_ask...
INFO: Number of query results: 1
INFO: Query execution time: 0.5620789527893066

INFO: param_path: ./proof/param_18.bin, proof_path: ./proof/bsbm/super_proof_q4_ask
Time to generate vk 6.53013247s
Time to generate pk 23.091140672s
Time to generate proof 182.352980445s
Proof written to: ./proof/bsbm/super_proof_q4_ask
Time to write proof to file 128.5µs
Time to verify proof 1.864206974s
INFO: perform_zkp execution time: 294.2794382572174

INFO: Proving time: 9.531970262527466
INFO: Param gen time: 0
INFO: Proof gen time: 284.74578309059143
-----------------------------------------------------Done-----------------------------------------------------

--------------- Experimenting: bsbm - ./datasets/bsbm/benchmark_queries/q5_select.sparql ---------------
INFO: Params: {"k": 18, "step_num": 150000, "param": "./proof/param_18.bin", "paramgen": false, "proofgen": true, "proof": "./proof/bsbm/super_proof_q5_select"}
INFO: Param proof ./proof/bsbm/super_proof_q5_select...
INFO: Number of query results: 22
INFO: Query execution time: 5.478060007095337

INFO: param_path: ./proof/param_18.bin, proof_path: ./proof/bsbm/super_proof_q5_select
Time to generate vk 10.186809848s
Time to generate pk 26.421645192s
Time to generate proof 187.034600362s
Proof written to: ./proof/bsbm/super_proof_q5_select
Time to write proof to file 131.458µs
Time to verify proof 1.878544749s
INFO: perform_zkp execution time: 326.28772354125977

INFO: Proving time: 29.045819997787476
INFO: Param gen time: 0
INFO: Proof gen time: 297.24006390571594
-----------------------------------------------------Done-----------------------------------------------------

INFO: Loaded graph ./datasets/swdf/swdf_100_pct.nt with size: 304583
--------------- Experimenting: swdf - ./datasets/swdf/benchmark_queries/q1_select.sparql ---------------
INFO: Params: {"k": 19, "step_num": 250000, "param": "./proof/param_19.bin", "paramgen": false, "proofgen": true, "proof": "./proof/swdf/super_proof_q1_select"}
INFO: Param proof ./proof/swdf/super_proof_q1_select...
INFO: Number of query results: 11624
INFO: Query execution time: 9.091948509216309

INFO: param_path: ./proof/param_19.bin, proof_path: ./proof/swdf/super_proof_q1_select
Time to generate vk 10.711426769s
Time to generate pk 43.734820221s
Time to generate proof 362.236877999s
Proof written to: ./proof/swdf/super_proof_q1_select
Time to write proof to file 124.839µs
Time to verify proof 3.412793566s
INFO: perform_zkp execution time: 675.2202076911926

INFO: Proving time: 63.491323709487915
INFO: Param gen time: 0
INFO: Proof gen time: 611.715505361557
-----------------------------------------------------Done-----------------------------------------------------

--------------- Experimenting: swdf - ./datasets/swdf/benchmark_queries/q2_select.sparql ---------------
INFO: Params: {"k": 19, "step_num": 250000, "param": "./proof/param_19.bin", "paramgen": false, "proofgen": true, "proof": "./proof/swdf/super_proof_q2_select"}
INFO: Param proof ./proof/swdf/super_proof_q2_select...
INFO: Number of query results: 9440
INFO: Query execution time: 33.54100441932678

INFO: param_path: ./proof/param_19.bin, proof_path: ./proof/swdf/super_proof_q2_select
Time to generate vk 14.152527411s
Time to generate pk 46.781893927s
Time to generate proof 370.018544929s
Proof written to: ./proof/swdf/super_proof_q2_select
Time to write proof to file 167.797µs
Time to verify proof 3.737673966s
INFO: perform_zkp execution time: 5622.536308050156

INFO: Proving time: 4690.882639408112
INFO: Param gen time: 0
INFO: Proof gen time: 931.5943186283112
-----------------------------------------------------Done-----------------------------------------------------

--------------- Experimenting: swdf - ./datasets/swdf/benchmark_queries/q3_select.sparql ---------------
INFO: Params: {"k": 19, "step_num": 250000, "param": "./proof/param_19.bin", "paramgen": false, "proofgen": true, "proof": "./proof/swdf/super_proof_q3_select"}
INFO: Param proof ./proof/swdf/super_proof_q3_select...
INFO: Number of query results: 1000
INFO: Query execution time: 33.513402223587036

INFO: param_path: ./proof/param_19.bin, proof_path: ./proof/swdf/super_proof_q3_select
Time to generate vk 14.913287017s
Time to generate pk 47.81184267s
Time to generate proof 374.122056141s
Proof written to: ./proof/swdf/super_proof_q3_select
Time to write proof to file 133.859µs
Time to verify proof 3.40307248s
INFO: perform_zkp execution time: 5635.198585510254

INFO: Proving time: 4698.379896640778
INFO: Param gen time: 0
INFO: Proof gen time: 936.764771938324
-----------------------------------------------------Done-----------------------------------------------------

--------------- Experimenting: swdf - ./datasets/swdf/benchmark_queries/q4_ask.sparql ---------------
INFO: Params: {"k": 19, "step_num": 250000, "param": "./proof/param_19.bin", "paramgen": false, "proofgen": true, "proof": "./proof/swdf/super_proof_q4_ask"}
INFO: Param proof ./proof/swdf/super_proof_q4_ask...
INFO: Number of query results: 1
INFO: Query execution time: 2.966114044189453

INFO: param_path: ./proof/param_19.bin, proof_path: ./proof/swdf/super_proof_q4_ask
Time to generate vk 11.889495325s
Time to generate pk 44.999114091s
Time to generate proof 358.039135579s
Proof written to: ./proof/swdf/super_proof_q4_ask
Time to write proof to file 138.677µs
Time to verify proof 3.429997298s
INFO: perform_zkp execution time: 578.2093484401703

INFO: Proving time: 17.828282594680786
INFO: Param gen time: 0
INFO: Proof gen time: 560.379225730896
-----------------------------------------------------Done-----------------------------------------------------

--------------- Experimenting: swdf - ./datasets/swdf/benchmark_queries/q5_select.sparql ---------------
INFO: Params: {"k": 19, "step_num": 250000, "param": "./proof/param_19.bin", "paramgen": false, "proofgen": true, "proof": "./proof/swdf/super_proof_q5_select"}
INFO: Param proof ./proof/swdf/super_proof_q5_select...
INFO: Number of query results: 1000
INFO: Query execution time: 1054.4726803302765

INFO: param_path: ./proof/param_19.bin, proof_path: ./proof/swdf/super_proof_q5_select
Time to generate vk 17.774243777s
Time to generate pk 50.359356661s
Time to generate proof 372.046434818s
Proof written to: ./proof/swdf/super_proof_q5_select
Time to write proof to file 168.278µs
Time to verify proof 3.486917699s
INFO: perform_zkp execution time: 1361.0119092464447

INFO: Proving time: 649.1790204048157
INFO: Param gen time: 0
INFO: Proof gen time: 711.8062171936035
-----------------------------------------------------Done-----------------------------------------------------

INFO: Loaded graph ./datasets/drugbank/drugbank_100_pct.nt with size: 517023
--------------- Experimenting: drugbank - ./datasets/drugbank/benchmark_queries/q1_select.sparql ---------------
INFO: Params: {"k": 19, "step_num": 250000, "param": "./proof/param_19.bin", "paramgen": false, "proofgen": true, "proof": "./proof/drugbank/super_proof_q1_select"}
INFO: Param proof ./proof/drugbank/super_proof_q1_select...
INFO: Number of query results: 20367
INFO: Query execution time: 10.07796573638916

INFO: param_path: ./proof/param_19.bin, proof_path: ./proof/drugbank/super_proof_q1_select
Time to generate vk 10.726701344s
Time to generate pk 43.590034119s
Time to generate proof 359.825414832s
Proof written to: ./proof/drugbank/super_proof_q1_select
Time to write proof to file 153.76µs
Time to verify proof 3.485826477s
INFO: perform_zkp execution time: 748.9644885063171

INFO: Proving time: 102.45015835762024
INFO: Param gen time: 0
INFO: Proof gen time: 646.479817867279
-----------------------------------------------------Done-----------------------------------------------------

--------------- Experimenting: drugbank - ./datasets/drugbank/benchmark_queries/q2_select.sparql ---------------
INFO: Params: {"k": 19, "step_num": 250000, "param": "./proof/param_19.bin", "paramgen": false, "proofgen": true, "proof": "./proof/drugbank/super_proof_q2_select"}
INFO: Param proof ./proof/drugbank/super_proof_q2_select...
INFO: Number of query results: 3296
INFO: Query execution time: 20.535609006881714

INFO: param_path: ./proof/param_19.bin, proof_path: ./proof/drugbank/super_proof_q2_select
Time to generate vk 14.158945381s
Time to generate pk 46.77407203s
Time to generate proof 366.250211187s
Proof written to: ./proof/drugbank/super_proof_q2_select
Time to write proof to file 321.439µs
Time to verify proof 3.429008191s
INFO: perform_zkp execution time: 2298.622991323471

INFO: Proving time: 1569.0972020626068
INFO: Param gen time: 0
INFO: Proof gen time: 729.5013792514801
-----------------------------------------------------Done-----------------------------------------------------

--------------- Experimenting: drugbank - ./datasets/drugbank/benchmark_queries/q3_select.sparql ---------------
INFO: Params: {"k": 19, "step_num": 250000, "param": "./proof/param_19.bin", "paramgen": false, "proofgen": true, "proof": "./proof/drugbank/super_proof_q3_select"}
INFO: Param proof ./proof/drugbank/super_proof_q3_select...
INFO: Number of query results: 1000
INFO: Query execution time: 20.411410093307495

INFO: param_path: ./proof/param_19.bin, proof_path: ./proof/drugbank/super_proof_q3_select
Time to generate vk 14.790941362s
Time to generate pk 47.707698608s
Time to generate proof 368.614909989s
Proof written to: ./proof/drugbank/super_proof_q3_select
Time to write proof to file 183.742µs
Time to verify proof 3.484473257s
INFO: perform_zkp execution time: 2307.873202562332

INFO: Proving time: 1574.0757806301117
INFO: Param gen time: 0
INFO: Proof gen time: 733.7733325958252
-----------------------------------------------------Done-----------------------------------------------------

--------------- Experimenting: drugbank - ./datasets/drugbank/benchmark_queries/q4_ask.sparql ---------------
INFO: Params: {"k": 19, "step_num": 250000, "param": "./proof/param_19.bin", "paramgen": false, "proofgen": true, "proof": "./proof/drugbank/super_proof_q4_ask"}
INFO: Param proof ./proof/drugbank/super_proof_q4_ask...
INFO: Number of query results: 1
INFO: Query execution time: 14.253320932388306

INFO: param_path: ./proof/param_19.bin, proof_path: ./proof/drugbank/super_proof_q4_ask
Time to generate vk 11.772390541s
Time to generate pk 44.705409498s
Time to generate proof 358.628118602s
Proof written to: ./proof/drugbank/super_proof_q4_ask
Time to write proof to file 129.885µs
Time to verify proof 3.453361491s
INFO: perform_zkp execution time: 580.1922359466553

INFO: Proving time: 19.509270429611206
INFO: Param gen time: 0
INFO: Proof gen time: 560.680732011795
-----------------------------------------------------Done-----------------------------------------------------

--------------- Experimenting: drugbank - ./datasets/drugbank/benchmark_queries/q5_select.sparql ---------------
INFO: Params: {"k": 19, "step_num": 250000, "param": "./proof/param_19.bin", "paramgen": false, "proofgen": true, "proof": "./proof/drugbank/super_proof_q5_select"}
INFO: Param proof ./proof/drugbank/super_proof_q5_select...
INFO: Number of query results: 360
INFO: Query execution time: 8365.49216747284

INFO: param_path: ./proof/param_19.bin, proof_path: ./proof/drugbank/super_proof_q5_select
Time to generate vk 17.927415985s
Time to generate pk 51.855597315s
Time to generate proof 369.373644497s
Proof written to: ./proof/drugbank/super_proof_q5_select
Time to write proof to file 135.076µs
Time to verify proof 3.466997056s
INFO: perform_zkp execution time: 731.6902618408203

INFO: Proving time: 130.17169761657715
INFO: Param gen time: 0
INFO: Proof gen time: 601.5127050876617
-----------------------------------------------------Done-----------------------------------------------------

INFO: Loaded graph ./datasets/bsbm/bsbm_100_pct.nt with size: 348064
--------------- Experimenting: bsbm - ./datasets/bsbm/benchmark_queries/q1_select.sparql ---------------
INFO: Params: {"k": 19, "step_num": 250000, "param": "./proof/param_19.bin", "paramgen": false, "proofgen": true, "proof": "./proof/bsbm/super_proof_q1_select"}
INFO: Param proof ./proof/bsbm/super_proof_q1_select...
INFO: Number of query results: 1
INFO: Query execution time: 0.20702719688415527

INFO: param_path: ./proof/param_19.bin, proof_path: ./proof/bsbm/super_proof_q1_select
Time to generate vk 10.791950451s
Time to generate pk 43.956760084s
Time to generate proof 355.242463941s
Proof written to: ./proof/bsbm/super_proof_q1_select
Time to write proof to file 150.003µs
Time to verify proof 3.40439945s
INFO: perform_zkp execution time: 565.7282156944275

INFO: Proving time: 10.634952545166016
INFO: Param gen time: 0
INFO: Proof gen time: 555.091349363327
-----------------------------------------------------Done-----------------------------------------------------

--------------- Experimenting: bsbm - ./datasets/bsbm/benchmark_queries/q2_select.sparql ---------------
INFO: Params: {"k": 19, "step_num": 250000, "param": "./proof/param_19.bin", "paramgen": false, "proofgen": true, "proof": "./proof/bsbm/super_proof_q2_select"}
INFO: Param proof ./proof/bsbm/super_proof_q2_select...
INFO: Number of query results: 840
INFO: Query execution time: 3.6126322746276855

INFO: param_path: ./proof/param_19.bin, proof_path: ./proof/bsbm/super_proof_q2_select
Time to generate vk 14.070895365s
Time to generate pk 46.957890597s
Time to generate proof 361.793548126s
Proof written to: ./proof/bsbm/super_proof_q2_select
Time to write proof to file 162.794µs
Time to verify proof 3.732589412s
INFO: perform_zkp execution time: 782.9695806503296

INFO: Proving time: 193.88108706474304
INFO: Param gen time: 0
INFO: Proof gen time: 589.0803377628326
-----------------------------------------------------Done-----------------------------------------------------

--------------- Experimenting: bsbm - ./datasets/bsbm/benchmark_queries/q3_select.sparql ---------------
INFO: Params: {"k": 19, "step_num": 250000, "param": "./proof/param_19.bin", "paramgen": false, "proofgen": true, "proof": "./proof/bsbm/super_proof_q3_select"}
INFO: Param proof ./proof/bsbm/super_proof_q3_select...
INFO: Number of query results: 840
INFO: Query execution time: 3.85062313079834

INFO: param_path: ./proof/param_19.bin, proof_path: ./proof/bsbm/super_proof_q3_select
Time to generate vk 14.71872416s
Time to generate pk 47.421691723s
Time to generate proof 362.170960013s
Proof written to: ./proof/bsbm/super_proof_q3_select
Time to write proof to file 123.927µs
Time to verify proof 3.456421316s
INFO: perform_zkp execution time: 784.7804505825043

INFO: Proving time: 194.33902525901794
INFO: Param gen time: 0
INFO: Proof gen time: 590.4335737228394
-----------------------------------------------------Done-----------------------------------------------------

--------------- Experimenting: bsbm - ./datasets/bsbm/benchmark_queries/q4_ask.sparql ---------------
INFO: Params: {"k": 19, "step_num": 250000, "param": "./proof/param_19.bin", "paramgen": false, "proofgen": true, "proof": "./proof/bsbm/super_proof_q4_ask"}
INFO: Param proof ./proof/bsbm/super_proof_q4_ask...
INFO: Number of query results: 1
INFO: Query execution time: 1.204395055770874

INFO: param_path: ./proof/param_19.bin, proof_path: ./proof/bsbm/super_proof_q4_ask
Time to generate vk 12.033205113s
Time to generate pk 45.680809556s
Time to generate proof 356.158536676s
Proof written to: ./proof/bsbm/super_proof_q4_ask
Time to write proof to file 127.574µs
Time to verify proof 3.67480905s
INFO: perform_zkp execution time: 577.2289040088654

INFO: Proving time: 17.849199056625366
INFO: Param gen time: 0
INFO: Proof gen time: 559.3781359195709
-----------------------------------------------------Done-----------------------------------------------------

--------------- Experimenting: bsbm - ./datasets/bsbm/benchmark_queries/q5_select.sparql ---------------
INFO: Params: {"k": 19, "step_num": 250000, "param": "./proof/param_19.bin", "paramgen": false, "proofgen": true, "proof": "./proof/bsbm/super_proof_q5_select"}
INFO: Param proof ./proof/bsbm/super_proof_q5_select...
INFO: Number of query results: 298
INFO: Query execution time: 128.16866827011108

INFO: param_path: ./proof/param_19.bin, proof_path: ./proof/bsbm/super_proof_q5_select
Time to generate vk 17.877573359s
Time to generate pk 50.722172262s
Time to generate proof 366.941478397s
Proof written to: ./proof/bsbm/super_proof_q5_select
Time to write proof to file 130.863µs
Time to verify proof 3.416961313s
INFO: perform_zkp execution time: 687.9172625541687

INFO: Proving time: 97.19278717041016
INFO: Param gen time: 0
INFO: Proof gen time: 590.7200875282288
-----------------------------------------------------Done-----------------------------------------------------

INFO: Loaded graph ./rdf2rdb/datasets/BSBM.ttl with size: 40177
--------------- Experimenting: bsbm_converted - ./rdf2rdb/sparql_queries/q1_select.sparql ---------------
INFO: Params: {"k": 16, "step_num": 65000, "param": "./proof/param_16.bin", "paramgen": false, "proofgen": true, "proof": "./proof/bsbm_converted/super_proof_q1_select"}
INFO: Param proof ./proof/bsbm_converted/super_proof_q1_select...
INFO: Number of query results: 1
INFO: Query execution time: 0.3388509750366211

INFO: param_path: ./proof/param_16.bin, proof_path: ./proof/bsbm_converted/super_proof_q1_select
Time to generate vk 2.791088408s
Time to generate pk 6.518575693s
Time to generate proof 53.745835696s
Proof written to: ./proof/bsbm_converted/super_proof_q1_select
Time to write proof to file 135.525µs
Time to verify proof 704.754331ms
INFO: perform_zkp execution time: 86.9256443977356

INFO: Proving time: 5.372758150100708
INFO: Param gen time: 0
INFO: Proof gen time: 81.55164647102356
-----------------------------------------------------Done-----------------------------------------------------

--------------- Experimenting: bsbm_converted - ./rdf2rdb/sparql_queries/q4_select.sparql ---------------
INFO: Params: {"k": 16, "step_num": 65000, "param": "./proof/param_16.bin", "paramgen": false, "proofgen": true, "proof": "./proof/bsbm_converted/super_proof_q4_select"}
INFO: Param proof ./proof/bsbm_converted/super_proof_q4_select...
INFO: Number of query results: 10
INFO: Query execution time: 1.532362699508667

INFO: param_path: ./proof/param_16.bin, proof_path: ./proof/bsbm_converted/super_proof_q4_select
Time to generate vk 3.907448286s
Time to generate pk 7.313862911s
Time to generate proof 55.133637599s
Proof written to: ./proof/bsbm_converted/super_proof_q4_select
Time to write proof to file 125.321µs
Time to verify proof 613.760385ms
INFO: perform_zkp execution time: 115.0831732749939

INFO: Proving time: 26.49623203277588
INFO: Param gen time: 0
INFO: Proof gen time: 88.58361649513245
-----------------------------------------------------Done-----------------------------------------------------

INFO: Loaded graph ./datasets/swdf/swdf_100_pct.nt with size: 304583
--------------- Experimenting: swdf - ./datasets/swdf/single_gate_benchmark_queries/q2_group_order_by.sparql ---------------
INFO: Params: {"k": 19, "step_num": 250000, "param": "./proof/param_19.bin", "paramgen": false, "proofgen": true, "proof": "./proof/swdf/single_proof_q2_group_order_by"}
INFO: Param proof ./proof/swdf/single_proof_q2_group_order_by...
INFO: Number of query results: 1000
INFO: Query execution time: 89.16069626808167

