INFO: Loaded graph ./datasets/bsbm/bsbm_25_pct.nt with size: 87048
--------------- Experimenting: bsbm - ./datasets/bsbm/benchmark_queries/q2_select.sparql ---------------
INFO: Params: {"k": 17, "step_num": 100000, "param": "./proof/param_17.bin", "paramgen": false, "proofgen": true, "proof": "./proof/bsbm/super_proof_q2_select"}
INFO: Param proof ./proof/bsbm/super_proof_q2_select...
INFO: Number of query results: 3
INFO: Query execution time: 1.750823974609375

INFO: param_path: ./proof/param_17.bin, proof_path: ./proof/bsbm/super_proof_q2_select
Time to generate vk 4.898245006s
Time to generate pk 12.756249002s
Time to generate proof 96.979555845s
Proof written to: ./proof/bsbm/super_proof_q2_select
Time to write proof to file 125.625µs
Time to verify proof 1.064572809s
INFO: perform_zkp execution time: 162.42301392555237

INFO: Proving time: 11.170616388320923
INFO: Param gen time: 0
INFO: Proof gen time: 151.24914932250977
-----------------------------------------------------Done-----------------------------------------------------

--------------- Experimenting: bsbm - ./datasets/bsbm/benchmark_queries/q3_select.sparql ---------------
INFO: Params: {"k": 17, "step_num": 100000, "param": "./proof/param_17.bin", "paramgen": false, "proofgen": true, "proof": "./proof/bsbm/super_proof_q3_select"}
INFO: Param proof ./proof/bsbm/super_proof_q3_select...
INFO: Number of query results: 3
INFO: Query execution time: 0.47144174575805664

INFO: param_path: ./proof/param_17.bin, proof_path: ./proof/bsbm/super_proof_q3_select
Time to generate vk 5.073110037s
Time to generate pk 12.994188959s
Time to generate proof 97.490035912s
Proof written to: ./proof/bsbm/super_proof_q3_select
Time to write proof to file 161.317µs
Time to verify proof 1.044485545s
INFO: perform_zkp execution time: 164.52531743049622

INFO: Proving time: 12.288981676101685
INFO: Param gen time: 0
INFO: Proof gen time: 152.23457765579224
-----------------------------------------------------Done-----------------------------------------------------

INFO: Loaded graph ./datasets/bsbm/bsbm_50_pct.nt with size: 174016
--------------- Experimenting: bsbm - ./datasets/bsbm/benchmark_queries/q2_select.sparql ---------------
INFO: Params: {"k": 18, "step_num": 150000, "param": "./proof/param_18.bin", "paramgen": false, "proofgen": true, "proof": "./proof/bsbm/super_proof_q2_select"}
INFO: Param proof ./proof/bsbm/super_proof_q2_select...
INFO: Number of query results: 21
INFO: Query execution time: 0.571845531463623

INFO: param_path: ./proof/param_18.bin, proof_path: ./proof/bsbm/super_proof_q2_select
Time to generate vk 7.951669675s
Time to generate pk 24.088551664s
Time to generate proof 184.434439767s
Proof written to: ./proof/bsbm/super_proof_q2_select
Time to write proof to file 183.294µs
Time to verify proof 1.873982298s
INFO: perform_zkp execution time: 308.74759459495544

INFO: Proving time: 18.770406007766724
INFO: Param gen time: 0
INFO: Proof gen time: 289.9758257865906
-----------------------------------------------------Done-----------------------------------------------------

--------------- Experimenting: bsbm - ./datasets/bsbm/benchmark_queries/q3_select.sparql ---------------
INFO: Params: {"k": 18, "step_num": 150000, "param": "./proof/param_18.bin", "paramgen": false, "proofgen": true, "proof": "./proof/bsbm/super_proof_q3_select"}
INFO: Param proof ./proof/bsbm/super_proof_q3_select...
INFO: Number of query results: 21
INFO: Query execution time: 0.5814661979675293

INFO: param_path: ./proof/param_18.bin, proof_path: ./proof/bsbm/super_proof_q3_select
Time to generate vk 8.461523711s
Time to generate pk 24.70767968s
Time to generate proof 186.451209947s
Proof written to: ./proof/bsbm/super_proof_q3_select
Time to write proof to file 193.296µs
Time to verify proof 1.883212233s
INFO: perform_zkp execution time: 314.142578125

INFO: Proving time: 21.016091108322144
INFO: Param gen time: 0
INFO: Proof gen time: 293.12509322166443
-----------------------------------------------------Done-----------------------------------------------------

INFO: Loaded graph ./datasets/bsbm/bsbm_100_pct.nt with size: 348064
--------------- Experimenting: bsbm - ./datasets/bsbm/benchmark_queries/q2_select.sparql ---------------
INFO: Params: {"k": 19, "step_num": 250000, "param": "./proof/param_19.bin", "paramgen": false, "proofgen": true, "proof": "./proof/bsbm/super_proof_q2_select"}
INFO: Param proof ./proof/bsbm/super_proof_q2_select...
INFO: Number of query results: 298
INFO: Query execution time: 1.6744933128356934

INFO: param_path: ./proof/param_19.bin, proof_path: ./proof/bsbm/super_proof_q2_select
Time to generate vk 14.171265851s
Time to generate pk 48.129012165s
Time to generate proof 362.373512063s
Proof written to: ./proof/bsbm/super_proof_q2_select
Time to write proof to file 168.591µs
Time to verify proof 3.470065227s
INFO: perform_zkp execution time: 658.0529320240021

INFO: Proving time: 78.24330759048462
INFO: Param gen time: 0
INFO: Proof gen time: 579.8068006038666
-----------------------------------------------------Done-----------------------------------------------------

--------------- Experimenting: bsbm - ./datasets/bsbm/benchmark_queries/q3_select.sparql ---------------
INFO: Params: {"k": 19, "step_num": 250000, "param": "./proof/param_19.bin", "paramgen": false, "proofgen": true, "proof": "./proof/bsbm/super_proof_q3_select"}
INFO: Param proof ./proof/bsbm/super_proof_q3_select...
INFO: Number of query results: 298
INFO: Query execution time: 1.7297091484069824

INFO: param_path: ./proof/param_19.bin, proof_path: ./proof/bsbm/super_proof_q3_select
Time to generate vk 14.926751608s
Time to generate pk 48.446878878s
Time to generate proof 364.068127794s
Proof written to: ./proof/bsbm/super_proof_q3_select
Time to write proof to file 182.142µs
Time to verify proof 3.407912893s
INFO: perform_zkp execution time: 662.9475960731506

INFO: Proving time: 80.16940236091614
INFO: Param gen time: 0
INFO: Proof gen time: 582.7750444412231
-----------------------------------------------------Done-----------------------------------------------------

INFO: Loaded graph ./datasets/swdf/swdf_100_pct.nt with size: 304583
--------------- Experimenting: swdf - ./datasets/swdf/single_gate_benchmark_queries/q2_group_order_by.sparql ---------------
INFO: Params: {"k": 19, "step_num": 250000, "param": "./proof/param_19.bin", "paramgen": false, "proofgen": true, "proof": "./proof/swdf/single_proof_q2_group_order_by"}
INFO: Param proof ./proof/swdf/single_proof_q2_group_order_by...
INFO: Number of query results: 1000
INFO: Query execution time: 90.3533103466034

